
> uolink-webapp@0.1.0 test
> jest navigation-guard.test.ts --testNamePattern=should preserve dashboard state across multiple navigation cycles

node.exe : ts-jest[ts-jest-transformer] (WARN) 
Define `ts-jest` config under `globals` is 
deprecated. Please do
At line:1 char:1
+ & "C:\Program Files\nodejs/node.exe" "C:\Program 
Files\nodejs/node_mo ...
+ ~~~~~~~~~~~~~~~~~~~~~~~~~~~~~~~~~~~~~~~~~~~~~~~~~~
~~~~~~~~~~~~~~~~~~~
    + CategoryInfo          : NotSpecified: (ts-jes 
   t[ts-jest...ated. Please do:String) [], RemoteE  
  xception
    + FullyQualifiedErrorId : NativeCommandError
 
transform: {
    <transform_regex>: ['ts-jest', { /* ts-jest 
config goes here in Jest */ }],
},
See more at https://kulshekhar.github.io/ts-jest/doc
s/getting-started/presets#advanced
FAIL src/lib/cache/page-cache/__tests__/navigation-g
uard.test.ts
  NavigationGuard
    Property 1: Cache hit provides immediate 
content display (Requirement 1.1)
      Γùï skipped should display cached content 
immediately for previously visited pages
      Γùï skipped should display cached content 
without loading indicators (immediate response)
      Γùï skipped should return cache miss for 
never-visited pages
      Γùï skipped should handle multiple cached 
pages efficiently
    Property 2: Navigation preserves page state 
(Requirement 1.2)
      Γùï skipped should preserve scroll position 
across navigation
      Γùï skipped should preserve filter state 
across navigation
      Γùï skipped should preserve combined scroll 
and filter state
    Property 3: Dashboard state persistence 
(Requirement 1.3)
      ├ù should preserve dashboard state across 
multiple navigation cycles (17 ms)
      Γùï skipped should restore exact dashboard 
state after navigation
    Property 4: Background refresh for stale data 
(Requirement 1.4)
      Γùï skipped should trigger background refresh 
for stale data
      Γùï skipped should not trigger background 
refresh for fresh data
      Γùï skipped should update cache after 
background refresh completes
      Γùï skipped should not block UI while 
refreshing stale data
    Additional NavigationGuard functionality
      Γùï skipped should track current route
      Γùï skipped should invalidate route cache and 
state
      Γùï skipped should check if route has cached 
data

  ΓùÅ NavigationGuard ΓÇ║ Property 3: Dashboard 
state persistence (Requirement 1.3) ΓÇ║ should 
preserve dashboard state across multiple navigation 
cycles

    expect(received).toEqual(expected) // deep 
equality

    - Expected  - 1
    + Received  + 1

      Object {
        "x": 0,
    -   "y": 1000,
    +   "y": 0,
      }

    [0m [90m 441 |[39m
     [90m 442 |[39m                 [90m// State 
should be preserved in each cycle[39m
    [31m[1m>[22m[39m[90m 443 |[39m            
     expect(result[33m.[39mpageState[33m?[39m[3
3m.[39mscrollPosition)[33m.[39mtoEqual({ 
x[33m:[39m [35m0[39m[33m,[39m y[33m:[39m 
[35m1000[39m })[33m;[39m
     [90m     |[39m                               
                           [31m[1m^[22m[39m
     [90m 444 |[39m                 expect(result
[33m.[39mpageState[33m?[39m[33m.[39mfilters)[3
3m.[39mtoEqual({ semesterFilter[33m:[39m 
[32m'All'[39m })[33m;[39m
     [90m 445 |[39m                 expect(result
[33m.[39mpageState[33m?[39m[33m.[39msearchTerm)
[33m.[39mtoBe([32m'important'[39m)[33m;[39m
     [90m 446 |[39m             }[0m

      at Object.<anonymous> (src/lib/cache/page-cach
e/__tests__/navigation-guard.test.ts:443:58)

Test Suites: 1 failed, 1 total
Tests:       1 failed, 15 skipped, 16 total
Snapshots:   0 total
Time:        1.109 s
Ran all test suites matching 
navigation-guard.test.ts with tests matching 
"should preserve dashboard state across multiple 
navigation cycles".
