
> uolink-webapp@0.1.0 test
> jest page-cache.test.ts

node.exe : ts-jest[ts-jest-transformer] (WARN) 
Define `ts-jest` config under `globals` is 
deprecated. Please do
At line:1 char:1
+ & "C:\Program Files\nodejs/node.exe" "C:\Program 
Files\nodejs/node_mo ...
+ ~~~~~~~~~~~~~~~~~~~~~~~~~~~~~~~~~~~~~~~~~~~~~~~~~~
~~~~~~~~~~~~~~~~~~~
    + CategoryInfo          : NotSpecified: (ts-jes 
   t[ts-jest...ated. Please do:String) [], RemoteE  
  xception
    + FullyQualifiedErrorId : NativeCommandError
 
transform: {
    <transform_regex>: ['ts-jest', { /* ts-jest 
config goes here in Jest */ }],
},
See more at https://kulshekhar.github.io/ts-jest/doc
s/getting-started/presets#advanced
FAIL src/lib/cache/page-cache/__tests__/page-cache.t
est.ts
  Page Cache Infrastructure
    MemoryCache
      Basic Operations
        ΓêÜ should store and retrieve cache entries 
(2 ms)
        ΓêÜ should return null for non-existent 
keys (1 ms)
        ΓêÜ should delete entries
      Property 19: Cache-first data fetching 
(Requirement 5.2)
        ΓêÜ should check cache before making 
network requests
        ΓêÜ should return cached data immediately 
without delay (1 ms)
        ΓêÜ should update cache after network fetch 
on miss (1 ms)
      Property 20: Transparent fallback on cache 
miss (Requirement 5.3)
        ΓêÜ should fallback to network fetch on 
cache miss
        ΓêÜ should handle cache errors gracefully 
(1 ms)
      LRU Eviction
        ΓêÜ should evict least recently used 
entries when memory limit exceeded (1 ms)
        ΓêÜ should preserve high-priority entries 
during eviction
      Tag-based Invalidation
        ΓêÜ should invalidate entries by tags
      Expiration Handling
        ├ù should return null for expired entries 
(2 ms)
    IndexedDBCache
      ΓêÜ should store and retrieve entries from 
IndexedDB (6 ms)
      ΓêÜ should return null for non-existent keys
      ΓêÜ should handle expired entries (1 ms)
  Priority & Adaptive Behavior
    Property 14: Critical data preservation during 
cleanup (Requirement 3.5)
      ΓêÜ should never evict entries with unsaved 
changes (1 ms)
    Property 32: Priority calculation with 
frequency and recency (Requirement 8.3)
      ΓêÜ should increase priority with access 
frequency
    Property 33: Adaptive priority based on usage 
patterns (Requirement 8.4)
      ΓêÜ should update priority calculation when 
weights change
    Property 34: Critical data protection under 
memory pressure (Requirement 8.5)
      ΓêÜ should preserve critical data even when 
cache is full (1 ms)

  ΓùÅ Page Cache Infrastructure ΓÇ║ MemoryCache ΓÇ║ 
Expiration Handling ΓÇ║ should return null for 
expired entries

    expect(received).toBe(expected) // Object.is 
equality

    Expected: false
    Received: true

    [0m [90m 388 |[39m
     [90m 389 |[39m                 
expect(result)[33m.[39mtoBeNull()[33m;[39m
    [31m[1m>[22m[39m[90m 390 |[39m            
     expect(cache[33m.[39mhas([32m'expired-key'[
39m))[33m.[39mtoBe([36mfalse[39m)[33m;[39m
     [90m     |[39m                               
                   [31m[1m^[22m[39m
     [90m 391 |[39m             })[33m;[39m
     [90m 392 |[39m         })[33m;[39m
     [90m 393 |[39m     })[33m;[39m[0m

      at Object.<anonymous> (src/lib/cache/page-cach
e/__tests__/page-cache.test.ts:390:50)

Test Suites: 1 failed, 1 total
Tests:       1 failed, 18 passed, 19 total
Snapshots:   0 total
Time:        1.444 s
Ran all test suites matching page-cache.test.ts.
